{
  "categories" : [ {
    "id" : "37a00d72-30ba-4a84-81ba-64393163918d",
    "isDefault" : false,
    "name" : "First Category",
    "color" : {
      "r" : 0,
      "g" : 0,
      "b" : 0,
      "alpha" : 255
    }
  }, {
    "id" : "4d5164d8-5ed4-4694-9165-5119a0ece612",
    "isDefault" : false,
    "name" : "Second Category",
    "color" : {
      "r" : 255,
      "g" : 175,
      "b" : 175,
      "alpha" : 255
    }
  } ],
  "events" : [ ],
  "templates" : [ ],
  "timeUnits" : [ ]
}